SUCCESS
$.v0 = ({'_0': p0, '_1': p1}, s0={}) => p0(p1), $.v1 = ({'_0': p0, '_1': p1, '_2': p2}, s0={}) => p0(p1(p2)), $.v2 = (p0, s0={}) => p0+1n, $.v3 = (p0, s0={}) => p0*2n, p.println(($.v0({'_0': $.v2, '_1': 10n}))), p.println(($.v0({'_0': $.v3, '_1': 10n}))), p.println(($.v1({'_0': $.v2, '_1': $.v3, '_2': 5n}))), p.println(($.v1({'_0': $.v3, '_1': $.v2, '_2': 5n}))), $.v4 = (p0, s0={}) => (p1, s1={}) => p1+p0, $.v5 = $.v4(10n), $.v6 = $.v4(20n), p.println(($.v5(5n))), p.println(($.v6(5n))), $.v7 = (p0, s0={}) => p0 ? $.v2 : $.v3, p.println((($.v7(true))(7n))), p.println((($.v7(false))(7n))), p.println(($.t9 = ($.t8 = $.v2(5n), $.v3($.t8)), $.v2($.t9))), p.println(($.t10 = $.v3(10n), $.v3($.t10))), void 0