SUCCESS
$.v0 = {'sum': 0n, 'i': 1n}, loop((_, _2={}) => $.v0.i>10n ? {'$tag': "Break", '$val': 0n} : ($.v0.sum = $.v0.sum+$.v0.i, $.v0.i = $.v0.i+1n, {'$tag': "Continue", '$val': 0n})), p.println(($.v0.sum)), $.v3 = {'result': 0n, 'x': 1n}, loop((_, _2={}) => $.v3.x>3n ? {'$tag': "Break", '$val': 0n} : ($.v4 = {'y': 1n}, loop((_, _2={}) => $.v4.y>3n ? {'$tag': "Break", '$val': 0n} : ($.v3.result = $.v3.result+$.v3.x*$.v4.y, $.v4.y = $.v4.y+1n, {'$tag': "Continue", '$val': 0n})), $.v3.x = $.v3.x+1n, {'$tag': "Continue", '$val': 0n})), p.println(($.v3.result)), $.v8 = {'s': "", 'i': 0n}, loop((_, _2={}) => $.v8.i>=5n ? {'$tag': "Break", '$val': 0n} : ($.v8.s = $.v8.s+"x", $.v8.i = $.v8.i+1n, {'$tag': "Continue", '$val': 0n})), p.println(($.v8.s)), void 0