SUCCESS
$.t0 = {'_0': 1n, '_1': "", '_2': "", '_3': 3.2}, $.v1 = $.t0._0, $.v2 = $.t0._1, $.v3 = $.t0._2, $.v4 = $.t0._3, p.println(($.v1)), p.println(($.v2)), p.println(($.v4)), $.t5 = {'a': 1n, 'b': 2n, 'c': 3n, 'd': {'e': 4.4}}, $.v6 = $.t5.a, $.v7 = $.t5.b, $.v8 = $.t5.c, $.t9 = $.t5.d, $.v10 = $.t9.e, p.println(($.v6)), p.println(($.v8)), $.v14 = ($.t11 = {'$tag': "Foo", '$val': {'x': 32n}}, $.t12 = $.t11.$val, $.v13 = $.t12.x, $.v13), p.println(($.v14)), $.v15 = ({'a': p0, 'b': p1}, s0={}) => p0+p1, p.println(($.v15({'a': 10n, 'b': 20n}))), void 0