SUCCESS
$.v0 = {'$tag': "Circle", '$val': 5.0}, $.v1 = {'$tag': "Rect", '$val': {'w': 3.0, 'h': 4.0}}, $.v2 = {'$tag': "Point", '$val': 0n}, $.v3 = (p0, s0={}) => p0.$tag==="Circle" ? "circle" : p0.$tag==="Rect" ? "rect" : "point", p.println(($.v3($.v0))), p.println(($.v3($.v1))), p.println(($.v3($.v2))), $.v4 = (p0, s0={}) => p0.$tag==="Num" ? (s0.v0 = p0.$val, s0.v0) : p0.$tag==="Add" ? (s0.t1 = p0.$val, s0.v2 = s0.t1.l, s0.v3 = s0.t1.r, s0.v2+s0.v3) : (s0.v4 = p0.$val, 0n- s0.v4), p.println(($.v4({'$tag': "Num", '$val': 42n}))), p.println(($.v4({'$tag': "Add", '$val': {'l': 10n, 'r': 20n}}))), p.println(($.v4({'$tag': "Neg", '$val': 7n}))), $.v5 = (p0, s0={}) => p0.$tag==="Some" ? true : false, p.println(($.v5({'$tag': "Some", '$val': 1n}))), p.println(($.v5({'$tag': "None", '$val': 0n}))), void 0