SUCCESS
$.v0 = (p0, s0={}) => p0<=1n ? 1n : p0*$.v0(p0- 1n), p.println(($.v0(1n))), p.println(($.v0(5n))), p.println(($.v0(10n))), $.v1 = (p0, s0={}) => p0<=1n ? p0 : $.v1(p0- 1n)+$.v1(p0- 2n), p.println(($.v1(0n))), p.println(($.v1(1n))), p.println(($.v1(5n))), p.println(($.v1(10n))), $.v2 = ({'_0': p0, '_1': p1}, s0={}) => p0<=0n ? p1 : $.v2({'_0': p0- 1n, '_1': p1+p0}), p.println(($.v2({'_0': 100n, '_1': 0n}))), void 0