SUCCESS
$.v0 = (p0, s0={}) => p0.x, p.println(($.v0({'x': 42n, 'y': 100n}))), p.println(($.v0({'x': 99n, 'y': 0n, 'z': "extra"}))), $.v1 = (p0, s0={}) => p0(5n), $.v2 = (p0, s0={}) => p0*2n, $.v3 = (p0, s0={}) => "got it", p.println(($.v1($.v2))), p.println(($.v1($.v3))), $.v4 = (p0, s0={}) => p0.$tag==="A" ? (s0.v0 = p0.$val, s0.v0) : (s0.v1 = p0.$val, s0.v1*10n), p.println(($.v4({'$tag': "A", '$val': 3n}))), p.println(($.v4({'$tag': "B", '$val': 4n}))), $.v5 = (p0, s0={}) => p0 ? {'$tag': "Ok", '$val': 42n} : {'$tag': "Err", '$val': "bad"}, $.v6 = $.v5(true), $.v7 = $.v5(false), $.v8 = (p0, s0={}) => p0.$tag==="Ok" ? (s0.v0 = p0.$val, s0.v0) : 0n, p.println(($.v8($.v6))), p.println(($.v8($.v7))), void 0