SUCCESS
$.v0 = {'x': 1n, 'y': 2n}, p.println(($.v0.x)), p.println(($.v0.y)), $.t1 = {'x': 10n, 'y': 20n}, $.v2 = $.t1.x, $.v3 = $.t1.y, p.println(($.v2)), p.println(($.v3)), $.v4 = {'val': 0n, 'label': "counter"}, p.println(($.v4.val)), $.v4.val = $.v4.val+1n, p.println(($.v4.val)), $.v4.val = $.v4.val+5n, p.println(($.v4.val)), $.v7 = {'inner': {'a': 1n, 'b': 2n}, 'outer': 3n}, p.println(($.v7.inner.a)), p.println(($.v7.inner.b)), p.println(($.v7.outer)), $.v8 = {'a': 1n, 'b': 2n, 'c': 3n, 'd': 4n, 'e': 5n, 'f': 6n, 'g': 7n, 'h': 8n}, p.println(($.v8.a)), p.println(($.v8.d)), p.println(($.v8.h)), void 0