SUCCESS
$.v0 = (p0, s0={}) => p0 ? {'x': 1n, 'y': 2n} : {'x': 3n, 'y': 4n, 'z': 5n}, p.println((($.v0(true)).x)), p.println((($.v0(false)).x)), $.v1 = (p0, s0={}) => p0.name, p.println(($.v1({'name': "Alice", 'age': 30n, 'job': "eng"}))), p.println(($.v1({'name': "Bob"}))), $.v2 = {'v': 0n}, $.v2.v = 42n, p.println(($.v2.v)), $.v2.v = $.v2.v+8n, p.println(($.v2.v)), $.v5 = (p0, s0={}) => (p0.v = p0.v+1n, p0.v), $.v6 = {'v': 10n}, p.println(($.v5($.v6))), p.println(($.v5($.v6))), p.println(($.v5($.v6))), void 0