SUCCESS
$.v0 = {'v': {'$tag': "None", '$val': 0n}, 't': {'$tag': "None", '$val': 0n}}, $.v0.v = {'$tag': "Some", '$val': {'_0': $.v0.v, '_1': {'a': 0n, 'b': (p0, s0={}) => p0+1n}}}, $.v0.v = {'$tag': "Some", '$val': {'_0': $.v0.v, '_1': {'a': 0.2, 'b': (p0, s0={}) => p0+9.1}}}, $.v0.v = {'$tag': "Some", '$val': {'_0': $.v0.v, '_1': {'a': {'q': 1n}, 'b': ({'q': p0}, s0={}) => ({'q': p0})}}}, loop((_, _2={}) => ($.t4 = $.v0.v, $.t4.$tag==="None" ? {'$tag': "Break", '$val': 0n} : ($.t5 = $.t4.$val, $.v6 = $.t5._0, $.v7 = $.t5._1, $.v0.v = $.v6, $.v9 = $.v7.a, p.println(($.t12 = ($.t11 = $.v0.t, $.v0.t = {'$tag': "Some", '$val': $.v9}, $.t11), $.t12.$tag==="None" ? "missing" : ($.v13 = $.t12.$val, $.v13))), {'$tag': "Continue", '$val': 0n})))