SUCCESS
$.v0 = {'sum': 0n, 'i': 1n}, loop((_, _2={}) => ($.t1 = $.v0.i>10n, $.t1===true ? {'$tag': "Break", '$val': 0n} : ($.v0.sum = $.v0.sum+$.v0.i, $.v0.i = $.v0.i+1n, {'$tag': "Continue", '$val': 0n}))), p.println(($.v0.sum)), $.v4 = {'result': 0n, 'x': 1n}, loop((_, _2={}) => ($.t5 = $.v4.x>3n, $.t5===true ? {'$tag': "Break", '$val': 0n} : ($.v6 = {'y': 1n}, loop((_, _2={}) => ($.t7 = $.v6.y>3n, $.t7===true ? {'$tag': "Break", '$val': 0n} : ($.v4.result = $.v4.result+$.v4.x*$.v6.y, $.v6.y = $.v6.y+1n, {'$tag': "Continue", '$val': 0n}))), $.v4.x = $.v4.x+1n, {'$tag': "Continue", '$val': 0n}))), p.println(($.v4.result)), $.v11 = {'s': "", 'i': 0n}, loop((_, _2={}) => ($.t12 = $.v11.i>=5n, $.t12===true ? {'$tag': "Break", '$val': 0n} : ($.v11.s = $.v11.s+"x", $.v11.i = $.v11.i+1n, {'$tag': "Continue", '$val': 0n}))), p.println(($.v11.s)), void 0