SUCCESS
$.v0 = (p0, s0={}) => (s0.v0 = {'value': p0}, s0.v1 = (p1, s1={}) => (s1.t0 = s0.v0.value, s0.v0.value = p1, s1.t0), s0.v2 = (_, s1={}) => s0.v0.value, {'cell': s0.v0, 'set': s0.v1, 'get': s0.v2}), $.v1 = $.v0(42n), $.v2 = $.v0("hello"), $.v3 = true===true ? $.v1 : $.v2, $.v3.set(123n), void 0