SUCCESS
$.v0 = (p0, s0={}) => (s0.v0 = {'value': p0, 'count': 0n}, s0.v1 = (_, s1={}) => (s1.t0 = s0.v0.count, s0.v0.count = s0.v0.count+1n, s1.t0), {'storage': s0.v0, 'inc': s0.v1, 'get_stats': (_, s1={}) => ({'_0': s0.v0.value, '_1': s0.v0.count})}), $.v1 = $.v0(42n), $.v2 = $.v0("hello"), $.v1.inc({}), $.v1.inc({}), $.v2.inc({}), p.println(($.v1.get_stats({}))), p.println(($.v2.get_stats({}))), $.v3 = true===true ? $.v1 : $.v2, $.v3.inc({}), $.v4 = $.v3.get_stats({}), p.println(($.v4)), void 0