SUCCESS
$.v0 = {'name': "Alice", 'age': 30n, 'city': "NYC"}, $.v1 = {'name': "Bob", 'age': 25n}, $.v2 = (p0, s0={}) => "Hello "+p0.name+", age "+(p0.age<18n ? "minor" : "adult"), p.println(($.v2($.v0))), p.println(($.v2($.v1))), $.v3 = (p0, s0={}) => p0 ? {'a': 1n, 'b': 2n, 'c': 3n} : {'a': 4n, 'b': 5n, 'd': 6n}, $.v4 = $.v3(true), p.println(($.v4.a)), p.println(($.v4.b)), void 0