SUCCESS
p.println(42n), $.v1 = ({'_0': p0, '_1': p1}, s0={}) => p0===1n ? p1 : $.v2({'_0': p0, '_1': p1}), $.v2 = ({'_0': p0, '_1': p1}, s0={}) => p0%2n===0n ? $.v1({'_0': p0/2n, '_1': p1+1n}) : $.v3({'_0': p0, '_1': p1+1n}), $.v3 = ({'_0': p0, '_1': p1}, s0={}) => $.v1({'_0': 3n*p0+1n, '_1': p1}), $.v1({'_0': 27n, '_1': 0n})